
> starter_helpi@0.1.0 test
> react-scripts test --coverage

FAIL src/App.test.tsx
  ✕ renders learn react link (37 ms)

  ● renders learn react link

    TestingLibraryElementError: Unable to find an element with the text: /learn react/i. This could be because the text is broken up by multiple elements. In this case, you can provide a function for your text matcher to make your matcher more flexible.

    Ignored nodes: comments, script, style
    [36m<body>[39m
      [36m<div>[39m
        [36m<div[39m
          [33mclass[39m=[32m"App"[39m
        [36m>[39m
          [36m<header[39m
            [33mclass[39m=[32m"App-header"[39m
          [36m>[39m
            [36m<nav>[39m
              [36m<a[39m
                [33mhref[39m=[32m"/starter_helpi/"[39m
              [36m>[39m
                [0mHome[0m
              [36m</a>[39m
              [0m | [0m
              [36m<a[39m
                [33mhref[39m=[32m"/select-quiz"[39m
              [36m>[39m
                [0mSelect Quiz[0m
              [36m</a>[39m
            [36m</nav>[39m
          [36m</header>[39m
          [36m<div>[39m
            [0m404 Not Found[0m
          [36m</div>[39m
        [36m</div>[39m
      [36m</div>[39m
    [36m</body>[39m

       5 | test('renders learn react link', () => {
       6 |   render(<App />);
    >  7 |   const linkElement = screen.getByText(/learn react/i);
         |                              ^
       8 |   expect(linkElement).toBeInTheDocument();
       9 | });
      10 |

      at Object.getElementError (node_modules/@testing-library/react/node_modules/@testing-library/dom/dist/config.js:37:19)
      at node_modules/@testing-library/react/node_modules/@testing-library/dom/dist/query-helpers.js:76:38
      at node_modules/@testing-library/react/node_modules/@testing-library/dom/dist/query-helpers.js:52:17
      at getByText (node_modules/@testing-library/react/node_modules/@testing-library/dom/dist/query-helpers.js:95:19)
      at Object.<anonymous> (src/App.test.tsx:7:30)
      at TestScheduler.scheduleTests (node_modules/@jest/core/build/TestScheduler.js:333:13)
      at runJest (node_modules/@jest/core/build/runJest.js:404:19)
      at _run10000 (node_modules/@jest/core/build/cli/index.js:320:7)
      at runCLI (node_modules/@jest/core/build/cli/index.js:173:3)

-------------------------|---------|----------|---------|---------|-------------------
File                     | % Stmts | % Branch | % Funcs | % Lines | Uncovered Line #s 
-------------------------|---------|----------|---------|---------|-------------------
All files                |    2.55 |        0 |    1.11 |    2.71 |                   
 src                     |    8.33 |        0 |   33.33 |    8.33 |                   
  App.tsx                |     100 |      100 |     100 |     100 |                   
  index.tsx              |       0 |      100 |     100 |       0 | 7-19              
  reportWebVitals.ts     |       0 |        0 |       0 |       0 | 3-10              
 src/assets/quizzes      |     100 |      100 |     100 |     100 |                   
  AdvancedQuiz.ts        |     100 |      100 |     100 |     100 |                   
  BasicQuiz.ts           |     100 |      100 |     100 |     100 |                   
 src/components          |    0.56 |        0 |       0 |    0.61 |                   
  DisplayQuiz.tsx        |       0 |        0 |       0 |       0 | 32-136            
  McMultiResponse.tsx    |       0 |        0 |       0 |       0 | 18-147            
  McSingleResponse.tsx   |       0 |        0 |       0 |       0 | 19-96             
  ProgressBar.tsx        |      50 |      100 |       0 |      50 | 2                 
  SliderResponse.tsx     |       0 |        0 |       0 |       0 | 27-92             
  TextResponse.tsx       |       0 |        0 |       0 |       0 | 19-88             
  UserRanking.tsx        |       0 |        0 |       0 |       0 | 18-132            
 src/interfaces          |       0 |      100 |       0 |       0 |                   
  QuestionTypes.ts       |       0 |        0 |       0 |       0 |                   
  QuizFlow.ts            |       0 |      100 |       0 |       0 | 4-5               
 src/pages               |       0 |      100 |       0 |       0 |                   
  Home.tsx               |       0 |      100 |       0 |       0 | 4-16              
  SelectQuiz.tsx         |       0 |      100 |       0 |       0 | 6                 
  ViewQuizzes.tsx        |       0 |      100 |       0 |       0 | 8                 
 src/pages/advanced-quiz |      25 |      100 |       0 |      25 |                   
  AdvancedQuiz.tsx       |      25 |      100 |       0 |      25 | 10-12             
 src/pages/basic-quiz    |      25 |      100 |       0 |      25 |                   
  BasicQuiz.tsx          |      25 |      100 |       0 |      25 | 10-12             
 src/tmp                 |       0 |        0 |       0 |       0 |                   
  DetailedQuestion.tsx   |       0 |      100 |       0 |       0 | 9-12              
  DisplayQuestion.tsx    |       0 |        0 |       0 |       0 | 20-48             
  MC_MULTI_RESPONSE.tsx  |       0 |        0 |       0 |       0 | 14-32             
  MC_SINGLE_RESPONSE.tsx |       0 |      100 |       0 |       0 | 14-26             
  USER_RANKING.tsx       |       0 |      100 |       0 |       0 | 2                 
-------------------------|---------|----------|---------|---------|-------------------
Test Suites: 1 failed, 1 total
Tests:       1 failed, 1 total
Snapshots:   0 total
Time:        3.184 s
Ran all test suites.
